client,available,held,total,locked
1,105.0000,0.0000,105.0000,false
2,150.0000,0.0000,150.0000,false
3,0.0000,0.0000,0.0000,true
