client,available,held,total,locked
1,10.0000,0.0000,10.0000,false
2,5.0000,0.0000,5.0000,false
